#-----------------------------------------------------------
# Vivado v2024.2 (64-bit)
# SW Build 5239630 on Fri Nov 08 22:35:27 MST 2024
# IP Build 5239520 on Sun Nov 10 16:12:51 MST 2024
# SharedData Build 5239561 on Fri Nov 08 14:39:27 MST 2024
# Start of session at: Thu Jan 16 15:53:02 2025
# Process ID         : 7644
# Current directory  : C:/Users/JESSE OSEI-SARFOH/vivado_projects/mips_ss_processor/mips_ss_processor.runs/impl_1
# Command line       : vivado.exe -log ALU.vdi -applog -product Vivado -messageDb vivado.pb -mode batch -source ALU.tcl -notrace
# Log file           : C:/Users/JESSE OSEI-SARFOH/vivado_projects/mips_ss_processor/mips_ss_processor.runs/impl_1/ALU.vdi
# Journal file       : C:/Users/JESSE OSEI-SARFOH/vivado_projects/mips_ss_processor/mips_ss_processor.runs/impl_1\vivado.jou
# Running On         : DESKTOP-QUUSVPG
# Platform           : Windows Server 2016 or Windows 10
# Operating System   : 22000
# Processor Detail   : Intel(R) Core(TM) i5-7300U CPU @ 2.60GHz
# CPU Frequency      : 2712 MHz
# CPU Physical cores : 2
# CPU Logical cores  : 4
# Host memory        : 8425 MB
# Swap memory        : 4563 MB
# Total Virtual      : 12988 MB
# Available Virtual  : 5090 MB
#-----------------------------------------------------------
source ALU.tcl -notrace
